// Jest Snapshot v1, https://goo.gl/fbAQLP

exports[`attributes parse 1`] = `
Node {
  "attrs": Object {},
  "children": Array [
    Node {
      "attrs": Object {},
      "children": Array [
        Node {
          "attrs": Object {},
          "children": Array [
            Node {
              "attrs": Object {},
              "children": Array [],
              "name": "Attributes test",
              "type": "TEXT",
            },
          ],
          "name": "title",
          "type": "OPENING_TAG",
        },
      ],
      "name": "head",
      "type": "OPENING_TAG",
    },
    Node {
      "attrs": Object {},
      "children": Array [
        Node {
          "attrs": Object {
            "class": "value0",
            "id": "test0",
            "title": "value1",
          },
          "children": Array [
            Node {
              "attrs": Object {},
              "children": Array [],
              "name": "class=\\"value0\\" title=\\"value1\\"",
              "type": "TEXT",
            },
          ],
          "name": "button",
          "type": "OPENING_TAG",
        },
        Node {
          "attrs": Object {
            "class": "value2",
            "disabled": "true",
            "id": "test1",
          },
          "children": Array [
            Node {
              "attrs": Object {},
              "children": Array [],
              "name": "class=value2 disabled",
              "type": "TEXT",
            },
          ],
          "name": "button",
          "type": "OPENING_TAG",
        },
        Node {
          "attrs": Object {
            "class": "value4",
            "id": "test2",
            "title": "value5",
          },
          "children": Array [
            Node {
              "attrs": Object {},
              "children": Array [],
              "name": "class=\\"value4\\"title=\\"value5\\"",
              "type": "TEXT",
            },
          ],
          "name": "button",
          "type": "OPENING_TAG",
        },
      ],
      "name": "body",
      "type": "OPENING_TAG",
    },
  ],
  "name": "html",
  "type": "OPENING_TAG",
}
`;

exports[`attributes stringify 1`] = `"<html><head><title>Attributes test</title></head><body><button id=\\"test0\\" class=\\"value0\\" title=\\"value1\\">class=\\"value0\\" title=\\"value1\\"</button><button id=\\"test1\\" class=\\"value2\\" disabled=\\"true\\">class=value2 disabled</button><button id=\\"test2\\" class=\\"value4\\" title=\\"value5\\">class=\\"value4\\"title=\\"value5\\"</button></body></html>"`;
