// Jest Snapshot v1, https://goo.gl/fbAQLP

exports[`basic parse 1`] = `
Node {
  "attrs": Object {},
  "children": Array [
    Node {
      "attrs": Object {},
      "children": Array [],
      "name": "!DOCTYPE html",
      "type": "DIRECTIVE",
    },
    Node {
      "attrs": Object {},
      "children": Array [
        Node {
          "attrs": Object {},
          "children": Array [
            Node {
              "attrs": Object {
                "href": "http://example.org/",
              },
              "children": Array [],
              "name": "link",
              "type": "OPENING_TAG",
            },
            Node {
              "attrs": Object {
                "charset": "utf-8",
              },
              "children": Array [],
              "name": "meta",
              "type": "OPENING_TAG",
            },
            Node {
              "attrs": Object {},
              "children": Array [
                Node {
                  "attrs": Object {},
                  "children": Array [],
                  "name": "Hello, world!",
                  "type": "TEXT",
                },
              ],
              "name": "title",
              "type": "OPENING_TAG",
            },
          ],
          "name": "head",
          "type": "OPENING_TAG",
        },
        Node {
          "attrs": Object {},
          "children": Array [
            Node {
              "attrs": Object {},
              "children": Array [
                Node {
                  "attrs": Object {},
                  "children": Array [],
                  "name": "Homepage",
                  "type": "TEXT",
                },
              ],
              "name": "h1",
              "type": "OPENING_TAG",
            },
          ],
          "name": "body",
          "type": "OPENING_TAG",
        },
      ],
      "name": "html",
      "type": "OPENING_TAG",
    },
  ],
  "name": "root",
  "type": "FRAGMENT",
}
`;
